[laravel.com/docs/5.html]
[backblue.gif]
[fade.gif]
[index.html]
[laravel.com/docs/5.4/installation.html]
[cdnjs.cloudflare.com/ajax/libs/flexboxgrid/6.3.1/flexboxgrid.min.css]
[laravel.com/build/assets/css/laravel-143628dd7b.css]
[laravel.com/favicon.png]
[cdnjs.cloudflare.com/ajax/libs/vue/1.0.26/vue.min.js]
[laravel.com/docs/master.html]
[laravel.com/docs/5-2.html]
[laravel.com/docs/5-3.html]
[laravel.com/docs/5-4.html]
[laravel.com/docs/5-5.html]
[laravel.com/docs/4.html]
[laravel.com/assets/img/laravel-logo-white.png]
[laravel.com/docs/5.4/releases.html]
[laravel.com/docs/5.4/upgrade.html]
[laravel.com/docs/5.4/contributions.html]
[laravel.com/docs/5.4/configuration.html]
[laravel.com/docs/5.4/structure.html]
[laravel.com/docs/5.4/homestead.html]
[laravel.com/docs/5.4/valet.html]
[laravel.com/docs/5.4/lifecycle.html]
[laravel.com/docs/5.4/container.html]
[laravel.com/docs/5.4/providers.html]
[laravel.com/docs/5.4/facades.html]
[laravel.com/docs/5.4/contracts.html]
[laravel.com/docs/5.4/routing.html]
[laravel.com/docs/5.4/middleware.html]
[laravel.com/docs/5.4/csrf.html]
[laravel.com/docs/5.4/controllers.html]
[laravel.com/docs/5.4/requests.html]
[laravel.com/docs/5.4/responses.html]
[laravel.com/docs/5.4/views.html]
[laravel.com/docs/5.4/session.html]
[laravel.com/docs/5.4/validation.html]
[laravel.com/docs/5.4/errors.html]
[laravel.com/docs/5.4/blade.html]
[laravel.com/docs/5.4/localization.html]
[laravel.com/docs/5.4/frontend.html]
[laravel.com/docs/5.4/mix.html]
[laravel.com/docs/5.4/authentication.html]
[laravel.com/docs/5.4/passport.html]
[laravel.com/docs/5.4/authorization.html]
[laravel.com/docs/5.4/encryption.html]
[laravel.com/docs/5.4/hashing.html]
[laravel.com/docs/5.4/passwords.html]
[laravel.com/docs/5.4/artisan.html]
[laravel.com/docs/5.4/broadcasting.html]
[laravel.com/docs/5.4/cache.html]
[laravel.com/docs/5.4/collections.html]
[laravel.com/docs/5.4/events.html]
[laravel.com/docs/5.4/filesystem.html]
[laravel.com/docs/5.4/helpers.html]
[laravel.com/docs/5.4/mail.html]
[laravel.com/docs/5.4/notifications.html]
[laravel.com/docs/5.4/packages.html]
[laravel.com/docs/5.4/queues.html]
[laravel.com/docs/5.4/scheduling.html]
[laravel.com/docs/5.4/database.html]
[laravel.com/docs/5.4/queries.html]
[laravel.com/docs/5.4/pagination.html]
[laravel.com/docs/5.4/migrations.html]
[laravel.com/docs/5.4/seeding.html]
[laravel.com/docs/5.4/redis.html]
[laravel.com/docs/5.4/eloquent.html]
[laravel.com/docs/5.4/eloquent-relationships.html]
[laravel.com/docs/5.4/eloquent-collections.html]
[laravel.com/docs/5.4/eloquent-mutators.html]
[laravel.com/docs/5.4/eloquent-serialization.html]
[laravel.com/docs/5.4/testing.html]
[laravel.com/docs/5.4/http-tests.html]
[laravel.com/docs/5.4/dusk.html]
[laravel.com/docs/5.4/database-testing.html]
[laravel.com/docs/5.4/mocking.html]
[laravel.com/docs/5.4/billing.html]
[laravel.com/docs/5.4/envoy.html]
[cdn.carbonads.com/carbon9873.js]
[laravel.com/docs/5.4/scout.html]
[laravel.com/build/assets/js/laravel-7310ca5785.js]
[laravel.com/docs/5.html]
[laravel.com/assets/js/viewport-units-buggyfill.js]
[laravel.com/docs/master/installation.html]
[laravel.com/docs/5.3/installation.html]
[laravel.com/docs/5.2/installation.html]
[laravel.com/docs/5.1/installation.html]
[laravel.com/docs/5.0/installation.html]
[laravel.com/docs/5.4/installation.html]
[laravel.com/docs/4.2/installation.html]
[laravel.com/assets/img/cloud-bar.png]
[laravel.com/assets/img/forge-flames.jpg]
[laravel.com/assets/img/laracon-bg.jpg]
[laravel.com/assets/img/laravel-tucked.png]
[laravel.com/assets/img/partner-img-vehikl-color.png]
[laravel.com/assets/img/partner-img-tighten-color.png]
[laravel.com/assets/img/partner-img-kirschbaum-color.png]
[laravel.com/build/assets/css/laravel-143628dd7b.css]
[cdnjs.cloudflare.com/ajax/libs/flexboxgrid/6.3.1/flexboxgrid.min.css]
[laravel.com/docs/master/releases.html]
[laravel.com/docs/master/upgrade.html]
[laravel.com/docs/master/contributions.html]
[laravel.com/docs/master/configuration.html]
[laravel.com/docs/master/structure.html]
[laravel.com/docs/master/homestead.html]
[laravel.com/docs/master/valet.html]
[laravel.com/docs/master/lifecycle.html]
[laravel.com/docs/master/container.html]
[laravel.com/docs/master/providers.html]
[laravel.com/docs/master/facades.html]
[laravel.com/docs/master/contracts.html]
[laravel.com/docs/master/routing.html]
[laravel.com/docs/master/middleware.html]
[laravel.com/docs/master/csrf.html]
[laravel.com/docs/master/controllers.html]
[laravel.com/docs/master/requests.html]
[laravel.com/docs/master/responses.html]
[laravel.com/docs/master/views.html]
[laravel.com/docs/master/session.html]
[laravel.com/docs/master/validation.html]
[laravel.com/docs/master/errors.html]
[laravel.com/docs/master/blade.html]
[laravel.com/docs/master/localization.html]
[laravel.com/docs/master/frontend.html]
[laravel.com/docs/master/mix.html]
[laravel.com/docs/master/authentication.html]
[laravel.com/docs/master/passport.html]
[laravel.com/docs/master/authorization.html]
[laravel.com/docs/master/encryption.html]
[laravel.com/docs/master/hashing.html]
[laravel.com/docs/master/passwords.html]
[laravel.com/docs/master/artisan.html]
[laravel.com/docs/master/broadcasting.html]
[laravel.com/docs/master/cache.html]
[laravel.com/docs/master/collections.html]
[laravel.com/docs/master/events.html]
[laravel.com/docs/master/filesystem.html]
[laravel.com/docs/master/helpers.html]
[laravel.com/docs/master/mail.html]
[laravel.com/docs/master/notifications.html]
[laravel.com/docs/master/packages.html]
[laravel.com/docs/master/queues.html]
[laravel.com/docs/master/scheduling.html]
[laravel.com/docs/master/database.html]
[laravel.com/docs/master/queries.html]
[laravel.com/docs/master/pagination.html]
[laravel.com/docs/master/migrations.html]
[laravel.com/docs/master/seeding.html]
[laravel.com/docs/master/redis.html]
[laravel.com/docs/master/eloquent.html]
[laravel.com/docs/master/eloquent-relationships.html]
[laravel.com/docs/master/eloquent-collections.html]
[laravel.com/docs/master/eloquent-mutators.html]
[laravel.com/docs/master/eloquent-serialization.html]
[laravel.com/docs/master/testing.html]
[laravel.com/docs/master/http-tests.html]
[laravel.com/docs/master/dusk.html]
[laravel.com/docs/master/database-testing.html]
[laravel.com/docs/master/mocking.html]
[laravel.com/docs/master/billing.html]
[laravel.com/docs/master/envoy.html]
[laravel.com/docs/master.html]
[laravel.com/docs/master/scout.html]
[laravel.com/docs/5.3/releases.html]
[laravel.com/docs/5.3/upgrade.html]
[laravel.com/docs/5.3/contributions.html]
[laravel.com/docs/5.3/configuration.html]
[laravel.com/docs/5.3/structure.html]
[laravel.com/docs/5.3/lifecycle.html]
[laravel.com/docs/5.3/homestead.html]
[laravel.com/docs/5.3/valet.html]
[laravel.com/docs/5.3/container.html]
[laravel.com/docs/5.3/providers.html]
[laravel.com/docs/5.3/facades.html]
[laravel.com/docs/5.3/contracts.html]
[laravel.com/docs/5.3/routing.html]
[laravel.com/docs/5.3/middleware.html]
[laravel.com/docs/5.3/csrf.html]
[laravel.com/docs/5.3/controllers.html]
[laravel.com/docs/5.3/requests.html]
[laravel.com/docs/5.3/responses.html]
[laravel.com/docs/5.3/session.html]
[laravel.com/docs/5.3/validation.html]
[laravel.com/docs/5.3/views.html]
[laravel.com/docs/5.3/blade.html]
[laravel.com/docs/5.3/localization.html]
[laravel.com/docs/5.3/frontend.html]
[laravel.com/docs/5.3/elixir.html]
[laravel.com/docs/5.3/authentication.html]
[laravel.com/docs/5.3/authorization.html]
[laravel.com/docs/5.3/passwords.html]
[laravel.com/docs/5.3/passport.html]
[laravel.com/docs/5.3/encryption.html]
[laravel.com/docs/5.3/hashing.html]
[laravel.com/docs/5.3/broadcasting.html]
[laravel.com/docs/5.3/cache.html]
[laravel.com/docs/5.3/errors.html]
[laravel.com/docs/5.3/events.html]
[laravel.com/docs/5.3/filesystem.html]
[laravel.com/docs/5.3/mail.html]
[laravel.com/docs/5.3/notifications.html]
[laravel.com/docs/5.3/queues.html]
[laravel.com/docs/5.3/database.html]
[laravel.com/docs/5.3/queries.html]
[laravel.com/docs/5.3/pagination.html]
[laravel.com/docs/5.3/migrations.html]
[laravel.com/docs/5.3/seeding.html]
[laravel.com/docs/5.3/redis.html]
[laravel.com/docs/5.3/eloquent.html]
[laravel.com/docs/5.3/eloquent-relationships.html]
[laravel.com/docs/5.3/eloquent-collections.html]
[laravel.com/docs/5.3/eloquent-mutators.html]
[laravel.com/docs/5.3/eloquent-serialization.html]
[laravel.com/docs/5.3/artisan.html]
[laravel.com/docs/5.3/scheduling.html]
[laravel.com/docs/5.3/testing.html]
[laravel.com/docs/5.3/application-testing.html]
[laravel.com/docs/5.3/database-testing.html]
[laravel.com/docs/5.3/mocking.html]
[laravel.com/docs/5.3/billing.html]
[laravel.com/docs/5.3/envoy.html]
[laravel.com/docs/5.3/scout.html]
[laravel.com/docs/5.3/collections.html]
[laravel.com/docs/5.3/helpers.html]
[laravel.com/docs/5-2.html]
[laravel.com/docs/5.3/packages.html]
[laravel.com/docs/5.2/releases.html]
[laravel.com/docs/5.2/upgrade.html]
[laravel.com/docs/5.2/contributions.html]
[laravel.com/docs/5.2/configuration.html]
[laravel.com/docs/5.2/homestead.html]
[laravel.com/docs/5.2/valet.html]
[laravel.com/docs/5.2/quickstart.html]
[laravel.com/docs/5.2/quickstart-intermediate.html]
[laravel.com/docs/5.2/routing.html]
[laravel.com/docs/5.2/middleware.html]
[laravel.com/docs/5.2/controllers.html]
[laravel.com/docs/5.2/requests.html]
[laravel.com/docs/5.2/responses.html]
[laravel.com/docs/5.2/views.html]
[laravel.com/docs/5.2/blade.html]
[laravel.com/docs/5.2/lifecycle.html]
[laravel.com/docs/5.2/structure.html]
[laravel.com/docs/5.2/providers.html]
[laravel.com/docs/5.2/container.html]
[laravel.com/docs/5.2/contracts.html]
[laravel.com/docs/5.2/facades.html]
[laravel.com/docs/5.2/authentication.html]
[laravel.com/docs/5.2/authorization.html]
[laravel.com/docs/5.2/artisan.html]
[laravel.com/docs/5.2/billing.html]
[laravel.com/docs/5.2/cache.html]
[laravel.com/docs/5.2/collections.html]
[laravel.com/docs/5.2/elixir.html]
[laravel.com/docs/5.2/encryption.html]
[laravel.com/docs/5.2/errors.html]
[laravel.com/docs/5.2/events.html]
[laravel.com/docs/5.2/filesystem.html]
[laravel.com/docs/5.2/hashing.html]
[laravel.com/docs/5.2/helpers.html]
[laravel.com/docs/5.2/localization.html]
[laravel.com/docs/5.2/mail.html]
[laravel.com/docs/5.2/packages.html]
[laravel.com/docs/5.2/pagination.html]
[laravel.com/docs/5.2/queues.html]
[laravel.com/docs/5.2/redis.html]
[laravel.com/docs/5.2/session.html]
[laravel.com/docs/5.2/envoy.html]
[laravel.com/docs/5.2/scheduling.html]
[laravel.com/docs/5.2/testing.html]
[laravel.com/docs/5.2/validation.html]
[laravel.com/docs/5.2/database.html]
[laravel.com/docs/5.2/queries.html]
[laravel.com/docs/5.2/migrations.html]
[laravel.com/docs/5.2/seeding.html]
[laravel.com/docs/5.2/eloquent.html]
[laravel.com/docs/5.2/eloquent-relationships.html]
[laravel.com/docs/5.2/eloquent-collections.html]
[laravel.com/docs/5.2/eloquent-mutators.html]
[laravel.com/docs/5-3.html]
[laravel.com/docs/5.2/eloquent-serialization.html]
[laravel.com/docs/5.1/releases.html]
[laravel.com/docs/5.1/upgrade.html]
[laravel.com/docs/5.1/contributions.html]
[laravel.com/docs/5.1/homestead.html]
[laravel.com/docs/5.1/quickstart.html]
[laravel.com/docs/5.1/quickstart-intermediate.html]
[laravel.com/docs/5.1/routing.html]
[laravel.com/docs/5.1/middleware.html]
[laravel.com/docs/5.1/controllers.html]
[laravel.com/docs/5.1/requests.html]
[laravel.com/docs/5.1/responses.html]
[laravel.com/docs/5.1/views.html]
[laravel.com/docs/5.1/blade.html]
[laravel.com/docs/5.1/lifecycle.html]
[laravel.com/docs/5.1/structure.html]
[laravel.com/docs/5.1/providers.html]
[laravel.com/docs/5.1/container.html]
[laravel.com/docs/5.1/contracts.html]
[laravel.com/docs/5.1/facades.html]
[laravel.com/docs/5.1/authentication.html]
[laravel.com/docs/5.1/authorization.html]
[laravel.com/docs/5.1/artisan.html]
[laravel.com/docs/5.1/billing.html]
[laravel.com/docs/5.1/cache.html]
[laravel.com/docs/5.1/collections.html]
[laravel.com/docs/5.1/elixir.html]
[laravel.com/docs/5.1/encryption.html]
[laravel.com/docs/5.1/errors.html]
[laravel.com/docs/5.1/events.html]
[laravel.com/docs/5.1/filesystem.html]
[laravel.com/docs/5.1/hashing.html]
[laravel.com/docs/5.1/helpers.html]
[laravel.com/docs/5.1/localization.html]
[laravel.com/docs/5.1/mail.html]
[laravel.com/docs/5.1/packages.html]
[laravel.com/docs/5.1/pagination.html]
[laravel.com/docs/5.1/queues.html]
[laravel.com/docs/5.1/redis.html]
[laravel.com/docs/5.1/session.html]
[laravel.com/docs/5.1/envoy.html]
[laravel.com/docs/5.1/scheduling.html]
[laravel.com/docs/5.1/testing.html]
[laravel.com/docs/5.1/validation.html]
[laravel.com/docs/5.1/database.html]
[laravel.com/docs/5.1/queries.html]
[laravel.com/docs/5.1/migrations.html]
[laravel.com/docs/5.1/seeding.html]
[laravel.com/docs/5.1/eloquent.html]
[laravel.com/docs/5.1/eloquent-relationships.html]
[laravel.com/docs/5.1/eloquent-collections.html]
[laravel.com/docs/5.1/eloquent-mutators.html]
[laravel.com/docs/5-4.html]
[laravel.com/docs/5.1/eloquent-serialization.html]
[laravel.com/docs/5.0/releases.html]
[laravel.com/docs/5.0/upgrade.html]
[laravel.com/docs/5.0/contributions.html]
[laravel.com/docs/5.0/configuration.html]
[laravel.com/docs/5.0/homestead.html]
[laravel.com/docs/5.0/routing.html]
[laravel.com/docs/5.0/middleware.html]
[laravel.com/docs/5.0/controllers.html]
[laravel.com/docs/5.0/requests.html]
[laravel.com/docs/5.0/responses.html]
[laravel.com/docs/5.0/views.html]
[laravel.com/docs/5.0/providers.html]
[laravel.com/docs/5.0/container.html]
[laravel.com/docs/5.0/contracts.html]
[laravel.com/docs/5.0/facades.html]
[laravel.com/docs/5.0/lifecycle.html]
[laravel.com/docs/5.0/structure.html]
[laravel.com/docs/5.0/authentication.html]
[laravel.com/docs/5.0/billing.html]
[laravel.com/docs/5.0/cache.html]
[laravel.com/docs/5.0/collections.html]
[laravel.com/docs/5.0/bus.html]
[laravel.com/docs/5.0/extending.html]
[laravel.com/docs/5.0/elixir.html]
[laravel.com/docs/5.0/encryption.html]
[laravel.com/docs/5.0/envoy.html]
[laravel.com/docs/5.0/errors.html]
[laravel.com/docs/5.0/events.html]
[laravel.com/docs/5.0/filesystem.html]
[laravel.com/docs/5.0/hashing.html]
[laravel.com/docs/5.0/helpers.html]
[laravel.com/docs/5.0/localization.html]
[laravel.com/docs/5.0/mail.html]
[laravel.com/docs/5.0/packages.html]
[laravel.com/docs/5.0/pagination.html]
[laravel.com/docs/5.0/queues.html]
[laravel.com/docs/5.0/session.html]
[laravel.com/docs/5.0/templates.html]
[laravel.com/docs/5.0/testing.html]
[laravel.com/docs/5.0/validation.html]
[laravel.com/docs/5.0/database.html]
[laravel.com/docs/5.0/queries.html]
[laravel.com/docs/5.0/eloquent.html]
[laravel.com/docs/5.0/schema.html]
[laravel.com/docs/5.0/migrations.html]
[laravel.com/docs/5.0/redis.html]
[laravel.com/docs/5.0/artisan.html]
[laravel.com/docs/5-5.html]
[laravel.com/docs/5.0/commands.html]
[laravel.com/docs/4.2/introduction.html]
[laravel.com/docs/4.2/quick.html]
[laravel.com/docs/4.2/releases.html]
[laravel.com/docs/4.2/upgrade.html]
[laravel.com/docs/4.2/contributions.html]
[laravel.com/docs/4.2/configuration.html]
[laravel.com/docs/4.2/homestead.html]
[laravel.com/docs/4.2/lifecycle.html]
[laravel.com/docs/4.2/routing.html]
[laravel.com/docs/4.2/requests.html]
[laravel.com/docs/4.2/responses.html]
[laravel.com/docs/4.2/controllers.html]
[laravel.com/docs/4.2/errors.html]
[laravel.com/docs/4.2/security.html]
[laravel.com/docs/4.2/billing.html]
[laravel.com/docs/4.2/cache.html]
[laravel.com/docs/4.2/extending.html]
[laravel.com/docs/4.2/events.html]
[laravel.com/docs/4.2/facades.html]
[laravel.com/docs/4.2/html.html]
[laravel.com/docs/4.2/helpers.html]
[laravel.com/docs/4.2/ioc.html]
[laravel.com/docs/4.2/localization.html]
[laravel.com/docs/4.2/mail.html]
[laravel.com/docs/4.2/packages.html]
[laravel.com/docs/4.2/pagination.html]
[laravel.com/docs/4.2/queues.html]
[laravel.com/docs/4.2/session.html]
[laravel.com/docs/4.2/ssh.html]
[laravel.com/docs/4.2/templates.html]
[laravel.com/docs/4.2/testing.html]
[laravel.com/docs/4.2/validation.html]
[laravel.com/docs/4.2/database.html]
[laravel.com/docs/4.2/queries.html]
[laravel.com/docs/4.2/eloquent.html]
[laravel.com/docs/4.2/schema.html]
[laravel.com/docs/4.2/migrations.html]
[laravel.com/docs/4.2/redis.html]
[laravel.com/docs/4.2/artisan.html]
[laravel.com/docs/4.html]
[laravel.com/docs/4.2/commands.html]
[laravel.com/assets/img/examples/markdown.png]
[laravel.com/docs/5.4/4.1]
[laravel.com/docs/5.4/ssh]
[laravel.com/docs/5.4/releases.html]
[laravel.com/docs/5.4/upgrade.html]
[laravel.com/docs/5.4/contributions.html]
[laravel.com/docs/5.1/configuration]
[laravel.com/docs/5.4/configuration.html]
[laravel.com/docs/4.2/structure]
[laravel.com/docs/5.4/structure.html]
[laravel.com/docs/5.4/homestead.html]
[laravel.com/docs/5.1/valet]
[laravel.com/docs/5.0/valet]
[laravel.com/docs/4.2/valet]
[laravel.com/docs/5.4/valet.html]
[laravel.com/docs/5.4/lifecycle.html]
[laravel.com/docs/4.2/container]
[laravel.com/docs/5.4/container.html]
[laravel.com/docs/4.2/providers]
[laravel.com/docs/5.4/providers.html]
[laravel.com/docs/5.4/facades.html]
[laravel.com/docs/4.2/contracts]
[laravel.com/docs/5.4/contracts.html]
[laravel.com/docs/5.4/routing.html]
[laravel.com/docs/4.2/middleware]
[laravel.com/docs/5.4/middleware.html]
[laravel.com/docs/5.2/csrf]
[laravel.com/docs/5.1/csrf]
[laravel.com/docs/5.0/csrf]
[laravel.com/docs/4.2/csrf]
[laravel.com/docs/5.4/csrf.html]
[laravel.com/docs/5.4/controllers.html]
[laravel.com/docs/5.4/requests.html]
[laravel.com/docs/5.4/responses.html]
[laravel.com/docs/4.2/views]
[laravel.com/docs/5.4/views.html]
[laravel.com/docs/5.4/session.html]
[laravel.com/docs/5.4/validation.html]
[laravel.com/docs/5.4/errors.html]
[laravel.com/docs/5.0/blade]
[laravel.com/docs/4.2/blade]
[laravel.com/docs/5.4/blade.html]
[laravel.com/docs/5.4/localization.html]
[laravel.com/docs/5.2/frontend]
[laravel.com/docs/5.1/frontend]
[laravel.com/docs/5.0/frontend]
[laravel.com/docs/4.2/frontend]
[laravel.com/docs/5.4/frontend.html]
[laravel.com/docs/5.3/mix]
[laravel.com/docs/5.2/mix]
[laravel.com/docs/5.1/mix]
[laravel.com/docs/5.0/mix]
[laravel.com/docs/4.2/mix.1c3.delayed]
[laravel.com/docs/5.4/mix.html]
[laravel.com/docs/4.2/authentication]
[laravel.com/docs/5.4/authentication.html]
[laravel.com/docs/5.2/passport]
[laravel.com/docs/5.1/passport]
[laravel.com/docs/5.0/passport]
[laravel.com/docs/4.2/passport]
[laravel.com/docs/5.4/passport.html]
[laravel.com/docs/5.0/authorization]
[laravel.com/docs/4.2/authorization]
[laravel.com/docs/5.4/authorization.html]
[laravel.com/docs/4.2/encryption]
[laravel.com/docs/5.4/encryption.html]
[laravel.com/docs/4.2/hashing]
[laravel.com/docs/5.4/hashing.html]
[laravel.com/docs/5.2/passwords]
[laravel.com/docs/5.1/passwords]
[laravel.com/docs/5.0/passwords]
[laravel.com/docs/4.2/passwords]
[laravel.com/docs/5.4/passwords.html]
[laravel.com/docs/5.4/artisan.html]
[laravel.com/docs/5.2/broadcasting]
[laravel.com/docs/5.1/broadcasting]
[laravel.com/docs/5.0/broadcasting]
[laravel.com/docs/4.2/broadcasting]
[laravel.com/docs/5.4/broadcasting.html]
[laravel.com/docs/5.4/cache.html]
[laravel.com/docs/4.2/collections]
[laravel.com/docs/5.4/collections.html]
[laravel.com/docs/5.4/events.html]
[laravel.com/docs/4.2/filesystem]
[laravel.com/docs/5.4/filesystem.html]
[laravel.com/docs/5.4/helpers.html]
[laravel.com/docs/5.4/mail.html]
[laravel.com/docs/5.2/notifications]
[laravel.com/docs/5.1/notifications]
[laravel.com/docs/5.0/notifications]
[laravel.com/docs/4.2/notifications]
[laravel.com/assets/img/notification-example.png]
[laravel.com/assets/img/basic-slack-notification.png]
[laravel.com/assets/img/basic-slack-attachment.png]
[laravel.com/assets/img/slack-fields-attachment.png]
[laravel.com/docs/5.4/notifications.html]
[laravel.com/docs/5.4/packages.html]
[laravel.com/docs/5.4/queues.html]
[laravel.com/docs/5.0/scheduling]
[laravel.com/docs/4.2/scheduling]
[laravel.com/docs/5.4/scheduling.html]
[laravel.com/docs/5.4/database.html]
[laravel.com/docs/5.4/queries.html]
[laravel.com/docs/5.4/pagination.html]
[laravel.com/docs/5.4/migrations.html]
[laravel.com/docs/5.0/seeding]
[laravel.com/docs/4.2/seeding]
[laravel.com/docs/5.4/seeding.html]
[laravel.com/docs/5.4/redis.html]
[laravel.com/docs/5.4/eloquent.html]
[laravel.com/docs/5.0/eloquent-relationships]
[laravel.com/docs/4.2/eloquent-relationships]
[laravel.com/docs/5.4/eloquent-relationships.html]
[laravel.com/docs/5.0/eloquent-collections]
[laravel.com/docs/4.2/eloquent-collections]
[laravel.com/docs/5.4/eloquent-collections.html]
[laravel.com/docs/5.0/eloquent-mutators]
[laravel.com/docs/4.2/eloquent-mutators]
[laravel.com/docs/5.4/eloquent-mutators.html]
[laravel.com/docs/5.0/eloquent-serialization]
[laravel.com/docs/4.2/eloquent-serialization]
[laravel.com/docs/5.4/eloquent-serialization.html]
[laravel.com/docs/5.4/testing.html]
[laravel.com/docs/5.3/http-tests]
[laravel.com/docs/5.2/http-tests]
[laravel.com/docs/5.1/http-tests]
[laravel.com/docs/5.0/http-tests]
[laravel.com/docs/4.2/http-tests]
[laravel.com/docs/5.4/http-tests.html]
[laravel.com/docs/5.3/dusk]
[laravel.com/docs/5.2/dusk]
[laravel.com/docs/5.1/dusk]
[laravel.com/docs/5.0/dusk]
[laravel.com/docs/4.2/dusk]
[laravel.com/docs/5.4/dusk.html]
[laravel.com/docs/5.2/database-testing]
[laravel.com/docs/5.1/database-testing]
[laravel.com/docs/5.0/database-testing]
[laravel.com/docs/4.2/database-testing]
[laravel.com/docs/5.4/database-testing.html]
[laravel.com/docs/5.2/mocking]
[laravel.com/docs/5.1/mocking]
[laravel.com/docs/5.0/mocking]
[laravel.com/docs/4.2/mocking]
[laravel.com/docs/5.4/mocking.html]
[laravel.com/docs/5.4/billing.html]
[laravel.com/docs/4.2/envoy]
[laravel.com/docs/5.4/envoy.html]
[laravel.com/docs/5.2/scout]
[laravel.com/docs/5.1/scout]
[laravel.com/docs/5.0/scout]
[laravel.com/docs/4.2/scout]
[laravel.com/docs/5.4/scout.html]
[laravel.com/docs/master/installation.html]
[laravel.com/docs/5.3/installation.html]
[laravel.com/docs/5.2/installation.html]
[laravel.com/docs/5.1/installation.html]
[laravel.com/docs/5.0/installation.html]
[laravel.com/docs/4.2/installation.html]
[laravel.com/docs/master/releases.html]
[laravel.com/docs/master/upgrade.html]
[laravel.com/docs/master/contributions.html]
[laravel.com/docs/master/configuration.html]
[laravel.com/docs/master/structure.html]
[laravel.com/docs/master/homestead.html]
[laravel.com/docs/master/valet.html]
[laravel.com/docs/master/lifecycle.html]
[laravel.com/docs/master/container.html]
[laravel.com/docs/master/providers.html]
[laravel.com/docs/master/facades.html]
[laravel.com/docs/master/contracts.html]
[laravel.com/docs/master/routing.html]
[laravel.com/docs/master/middleware.html]
[laravel.com/docs/master/csrf.html]
[laravel.com/docs/master/controllers.html]
[laravel.com/docs/master/requests.html]
[laravel.com/docs/master/responses.html]
[laravel.com/docs/master/views.html]
[laravel.com/docs/master/session.html]
[laravel.com/docs/master/validation.html]
[laravel.com/docs/master/errors.html]
[laravel.com/docs/master/blade.html]
[laravel.com/docs/master/localization.html]
[laravel.com/docs/master/frontend.html]
[laravel.com/docs/master/mix.html]
[laravel.com/docs/master/authentication.html]
[laravel.com/docs/master/passport.html]
[laravel.com/docs/master/authorization.html]
[laravel.com/docs/master/encryption.html]
[laravel.com/docs/master/hashing.html]
[laravel.com/docs/master/passwords.html]
[laravel.com/docs/master/artisan.html]
[laravel.com/docs/master/broadcasting.html]
[laravel.com/docs/master/cache.html]
[laravel.com/docs/master/collections.html]
[laravel.com/docs/master/events.html]
[laravel.com/docs/master/filesystem.html]
[laravel.com/docs/master/helpers.html]
[laravel.com/docs/master/mail.html]
[laravel.com/docs/master/notifications.html]
[laravel.com/docs/master/packages.html]
[laravel.com/docs/master/queues.html]
[laravel.com/docs/master/scheduling.html]
[laravel.com/docs/master/database.html]
[laravel.com/docs/master/queries.html]
[laravel.com/docs/master/pagination.html]
[laravel.com/docs/master/migrations.html]
[laravel.com/docs/master/seeding.html]
[laravel.com/docs/master/redis.html]
[laravel.com/docs/master/eloquent.html]
[laravel.com/docs/master/eloquent-relationships.html]
[laravel.com/docs/master/eloquent-collections.html]
[laravel.com/docs/master/eloquent-mutators.html]
[laravel.com/docs/master/eloquent-serialization.html]
[laravel.com/docs/master/testing.html]
[laravel.com/docs/master/http-tests.html]
[laravel.com/docs/master/dusk.html]
[laravel.com/docs/master/database-testing.html]
[laravel.com/docs/master/mocking.html]
[laravel.com/docs/master/billing.html]
[laravel.com/docs/master/envoy.html]
[laravel.com/docs/master/scout.html]
[laravel.com/docs/5.3/releases.html]
[laravel.com/docs/5.3/upgrade.html]
[laravel.com/docs/5.3/contributions.html]
[laravel.com/docs/5.3/configuration.html]
[laravel.com/docs/5.3/structure.html]
[laravel.com/docs/5.3/lifecycle.html]
[laravel.com/docs/5.3/homestead.html]
[laravel.com/docs/5.3/valet.html]
[laravel.com/docs/5.3/container.html]
[laravel.com/docs/5.3/providers.html]
[laravel.com/docs/5.3/facades.html]
[laravel.com/docs/5.3/contracts.html]
[laravel.com/docs/5.3/routing.html]
[laravel.com/docs/5.3/middleware.html]
[laravel.com/docs/5.3/csrf.html]
[laravel.com/docs/5.3/controllers.html]
[laravel.com/docs/5.3/requests.html]
[laravel.com/docs/5.3/responses.html]
[laravel.com/docs/5.3/session.html]
[laravel.com/docs/5.3/validation.html]
[laravel.com/docs/5.3/views.html]
[laravel.com/docs/5.3/blade.html]
[laravel.com/docs/5.3/localization.html]
[laravel.com/docs/5.3/frontend.html]
[laravel.com/docs/master/elixir]
[laravel.com/docs/5.4/elixir]
[laravel.com/docs/4.2/elixir]
[laravel.com/docs/5.3/elixir.html]
[laravel.com/docs/5.3/authentication.html]
[laravel.com/docs/5.3/authorization.html]
[laravel.com/docs/5.3/passwords.html]
[laravel.com/docs/5.3/passport.html]
[laravel.com/docs/5.3/encryption.html]
[laravel.com/docs/5.3/hashing.html]
[laravel.com/docs/5.3/broadcasting.html]
[laravel.com/docs/5.3/cache.html]
[laravel.com/docs/5.3/errors.html]
[laravel.com/docs/5.3/events.html]
[laravel.com/docs/5.3/filesystem.html]
[laravel.com/docs/5.3/mail.html]
[laravel.com/docs/5.3/notifications.html]
[laravel.com/docs/5.3/queues.html]
[laravel.com/docs/5.3/database.html]
[laravel.com/docs/5.3/queries.html]
[laravel.com/docs/5.3/pagination.html]
[laravel.com/docs/5.3/migrations.html]
[laravel.com/docs/5.3/seeding.html]
[laravel.com/docs/5.3/redis.html]
[laravel.com/docs/5.3/eloquent.html]
[laravel.com/docs/5.3/eloquent-relationships.html]
[laravel.com/docs/5.3/eloquent-collections.html]
[laravel.com/docs/5.3/eloquent-mutators.html]
[laravel.com/docs/5.3/eloquent-serialization.html]
[laravel.com/docs/5.3/artisan.html]
[laravel.com/docs/5.3/scheduling.html]
[laravel.com/docs/5.3/testing.html]
[laravel.com/docs/master/application-testing]
[laravel.com/docs/5.4/application-testing]
[laravel.com/docs/5.2/application-testing]
[laravel.com/docs/5.1/application-testing]
[laravel.com/docs/5.0/application-testing]
[laravel.com/docs/4.2/application-testing]
[laravel.com/docs/5.3/application-testing.html]
[laravel.com/docs/5.3/database-testing.html]
[laravel.com/docs/5.3/mocking.html]
[laravel.com/docs/5.3/billing.html]
[laravel.com/docs/5.3/envoy.html]
[laravel.com/docs/5.3/scout.html]
[laravel.com/docs/5.3/collections.html]
[laravel.com/docs/5.3/helpers.html]
[laravel.com/docs/5.3/packages.html]
[laravel.com/docs/5.2/releases.html]
[laravel.com/docs/5.2/upgrade.html]
[laravel.com/docs/5.2/contributions.html]
[laravel.com/docs/5.2/configuration.html]
[laravel.com/docs/5.2/homestead.html]
[laravel.com/docs/5.2/valet.html]
[laravel.com/docs/master/quickstart]
[laravel.com/docs/5.4/quickstart]
[laravel.com/docs/5.3/quickstart]
[laravel.com/docs/5.0/quickstart]
[laravel.com/docs/4.2/quickstart]
[laravel.com/assets/img/quickstart/basic-overview.png]
[laravel.com/docs/5.2/quickstart.html]
[laravel.com/docs/master/quickstart-intermediate.227.delayed]
[laravel.com/docs/5.4/quickstart-intermediate]
[laravel.com/docs/5.3/quickstart-intermediate]
[laravel.com/docs/5.0/quickstart-intermediate]
[laravel.com/docs/4.2/quickstart-intermediate]
[laravel.com/docs/5.2/quickstart-intermediate.html]
[laravel.com/docs/5.2/routing.html]
[laravel.com/docs/5.2/middleware.html]
[laravel.com/docs/5.2/controllers.html]
[laravel.com/docs/5.2/requests.html]
[laravel.com/docs/5.2/responses.html]
[laravel.com/docs/5.2/views.html]
[laravel.com/docs/5.2/blade.html]
[laravel.com/docs/5.2/lifecycle.html]
[laravel.com/docs/5.2/structure.html]
[laravel.com/docs/5.2/providers.html]
[laravel.com/docs/5.2/container.html]
[laravel.com/docs/5.2/contracts.html]
[laravel.com/docs/5.2/facades.html]
[laravel.com/docs/5.2/authentication.html]
[laravel.com/docs/5.2/authorization.html]
[laravel.com/docs/5.2/artisan.html]
[laravel.com/docs/5.2/billing.html]
[laravel.com/docs/5.2/cache.html]
[laravel.com/docs/5.2/collections.html]
[laravel.com/docs/5.2/elixir.html]
[laravel.com/docs/5.2/encryption.html]
[laravel.com/docs/5.2/errors.html]
[laravel.com/docs/5.2/events.html]
[laravel.com/docs/5.2/filesystem.html]
[laravel.com/docs/5.2/hashing.html]
[laravel.com/docs/5.2/helpers.html]
[laravel.com/docs/5.2/localization.html]
[laravel.com/docs/5.2/mail.html]
[laravel.com/docs/5.2/packages.html]
[laravel.com/docs/5.2/pagination.html]
[laravel.com/docs/5.2/queues.html]
[laravel.com/docs/5.2/redis.html]
[laravel.com/docs/5.2/session.html]
[laravel.com/docs/5.2/envoy.html]
[laravel.com/docs/5.2/scheduling.html]
[laravel.com/docs/5.2/testing.html]
[laravel.com/docs/5.2/validation.html]
[laravel.com/docs/5.2/database.html]
[laravel.com/docs/5.2/queries.html]
[laravel.com/docs/5.2/migrations.html]
[laravel.com/docs/5.2/seeding.html]
[laravel.com/docs/5.2/eloquent.html]
[laravel.com/docs/5.2/eloquent-relationships.html]
[laravel.com/docs/5.2/eloquent-collections.html]
[laravel.com/docs/5.2/eloquent-mutators.html]
[laravel.com/docs/5.2/eloquent-serialization.html]
[laravel.com/docs/5.1/releases.html]
[laravel.com/docs/5.1/upgrade.html]
[laravel.com/docs/5.1/contributions.html]
[laravel.com/docs/5.1/homestead.html]
[laravel.com/docs/5.1/quickstart.html]
[laravel.com/docs/5.1/quickstart-intermediate.html]
[laravel.com/docs/5.1/routing.html]
[laravel.com/docs/5.1/middleware.html]
[laravel.com/docs/5.1/controllers.html]
[laravel.com/docs/5.1/requests.html]
[laravel.com/docs/5.1/responses.html]
[laravel.com/docs/5.1/views.html]
[laravel.com/docs/5.1/blade.html]
[laravel.com/docs/5.1/lifecycle.html]
[laravel.com/docs/5.1/structure.html]
[laravel.com/docs/5.1/providers.html]
[laravel.com/docs/5.1/container.html]
[laravel.com/docs/5.1/contracts.html]
[laravel.com/docs/5.1/facades.html]
[laravel.com/docs/5.1/authentication.html]
[laravel.com/docs/5.1/authorization.html]
[laravel.com/docs/5.1/artisan.html]
[laravel.com/docs/5.1/billing.html]
[laravel.com/docs/5.1/cache.html]
[laravel.com/docs/5.1/collections.html]
[laravel.com/docs/5.1/elixir.html]
[laravel.com/docs/5.1/encryption.html]
[laravel.com/docs/5.1/errors.html]
[laravel.com/docs/5.1/events.html]
[laravel.com/docs/5.1/filesystem.html]
[laravel.com/docs/5.1/hashing.html]
[laravel.com/docs/5.1/helpers.html]
[laravel.com/docs/5.1/localization.html]
[laravel.com/docs/5.1/mail.html]
[laravel.com/docs/5.1/packages.html]
[laravel.com/docs/5.1/pagination.html]
[laravel.com/docs/5.1/queues.html]
[laravel.com/docs/5.1/redis.html]
[laravel.com/docs/5.1/session.html]
[laravel.com/docs/5.1/envoy.html]
[laravel.com/docs/5.1/scheduling.html]
[laravel.com/docs/5.1/testing.html]
[laravel.com/docs/5.1/validation.html]
[laravel.com/docs/5.1/database.html]
[laravel.com/docs/5.1/queries.html]
[laravel.com/docs/5.1/migrations.html]
[laravel.com/docs/5.1/seeding.html]
[laravel.com/docs/5.1/eloquent.html]
[laravel.com/docs/5.1/eloquent-relationships.html]
[laravel.com/docs/5.1/eloquent-collections.html]
[laravel.com/docs/5.1/eloquent-mutators.html]
[laravel.com/docs/5.1/eloquent-serialization.html]
[laravel.com/docs/5.0/releases.html]
[laravel.com/docs/5.0/upgrade.html]
[laravel.com/docs/5.0/contributions.html]
[laravel.com/docs/5.0/configuration.html]
[laravel.com/docs/5.0/homestead.html]
[laravel.com/docs/5.0/routing.html]
[laravel.com/docs/5.0/middleware.html]
[laravel.com/docs/5.0/controllers.html]
[laravel.com/docs/5.0/requests.html]
[laravel.com/docs/5.0/responses.html]
[laravel.com/docs/5.0/views.html]
[laravel.com/docs/5.0/providers.html]
[laravel.com/docs/5.0/container.html]
[laravel.com/docs/5.0/contracts.html]
[laravel.com/docs/5.0/facades.html]
[laravel.com/docs/5.0/lifecycle.html]
[laravel.com/docs/5.0/structure.html]
[laravel.com/docs/5.0/authentication.html]
[laravel.com/docs/5.0/billing.html]
[laravel.com/docs/5.0/cache.html]
[laravel.com/docs/5.0/collections.html]
[laravel.com/docs/master/bus]
[laravel.com/docs/5.4/bus]
[laravel.com/docs/5.3/bus]
[laravel.com/docs/5.2/bus]
[laravel.com/docs/5.1/bus]
[laravel.com/docs/4.2/bus]
[laravel.com/docs/5.0/bus.html]
[laravel.com/docs/master/extending]
[laravel.com/docs/5.4/extending]
[laravel.com/docs/5.3/extending]
[laravel.com/docs/5.2/extending]
[laravel.com/docs/5.1/extending]
[laravel.com/docs/5.0/extending.html]
[laravel.com/docs/5.0/elixir.html]
[laravel.com/docs/5.0/encryption.html]
[laravel.com/docs/5.0/envoy.html]
[laravel.com/docs/5.0/errors.html]
[laravel.com/docs/5.0/events.html]
[laravel.com/docs/5.0/filesystem.html]
[laravel.com/docs/5.0/hashing.html]
[laravel.com/docs/5.0/helpers.html]
[laravel.com/docs/5.0/localization.html]
[laravel.com/docs/5.0/mail.html]
[laravel.com/docs/5.0/packages.html]
[laravel.com/docs/5.0/pagination.html]
[laravel.com/docs/5.0/queues.html]
[laravel.com/docs/5.0/session.html]
[laravel.com/docs/master/templates]
[laravel.com/docs/5.4/templates]
[laravel.com/docs/5.3/templates]
[laravel.com/docs/5.2/templates]
[laravel.com/docs/5.1/templates]
[laravel.com/docs/5.0/templates.html]
[laravel.com/docs/5.0/testing.html]
[laravel.com/docs/5.0/validation.html]
[laravel.com/docs/5.0/database.html]
[laravel.com/docs/5.0/queries.html]
[laravel.com/docs/5.0/eloquent.html]
[laravel.com/docs/master/schema]
[laravel.com/docs/5.4/schema]
[laravel.com/docs/5.3/schema]
[laravel.com/docs/5.2/schema]
[laravel.com/docs/5.1/schema]
[laravel.com/docs/5.0/schema.html]
[laravel.com/docs/5.0/migrations.html]
[laravel.com/docs/5.0/redis.html]
[laravel.com/docs/5.0/artisan.html]
[laravel.com/docs/master/commands]
[laravel.com/docs/5.4/commands]
[laravel.com/docs/5.3/commands]
[laravel.com/docs/5.2/commands]
[laravel.com/docs/5.1/commands]
[laravel.com/docs/5.0/commands.html]
[laravel.com/docs/master/introduction]
[laravel.com/docs/5.4/introduction]
[laravel.com/docs/5.3/introduction]
[laravel.com/docs/5.2/introduction]
[laravel.com/docs/5.1/introduction]
[laravel.com/docs/5.0/introduction]
[laravel.com/docs/4.2/introduction.html]
[laravel.com/docs/master/quick]
[laravel.com/docs/5.4/quick]
[laravel.com/docs/5.3/quick]
[laravel.com/docs/5.2/quick]
[laravel.com/docs/5.1/quick]
[laravel.com/docs/5.0/quick]
[laravel.com/docs/4.2/quick.html]
[laravel.com/docs/4.2/releases.html]
[laravel.com/docs/4.2/upgrade.html]
[laravel.com/docs/4.2/contributions.html]
[laravel.com/docs/4.2/configuration.html]
[laravel.com/docs/4.2/homestead.html]
[laravel.com/docs/4.2/lifecycle.html]
[laravel.com/docs/4.2/routing.html]
[laravel.com/docs/4.2/requests.html]
[laravel.com/docs/4.2/responses.html]
[laravel.com/docs/4.2/controllers.html]
[laravel.com/docs/4.2/errors.html]
[laravel.com/docs/master/security]
[laravel.com/docs/5.4/security]
[laravel.com/docs/5.3/security]
[laravel.com/docs/5.2/security]
[laravel.com/docs/5.1/security]
[laravel.com/docs/5.0/security]
[laravel.com/docs/4.2/security.html]
[laravel.com/docs/4.2/billing.html]
[laravel.com/docs/4.2/cache.html]
[laravel.com/docs/4.2/extending.html]
[laravel.com/docs/4.2/events.html]
[laravel.com/docs/4.2/facades.html]
[laravel.com/docs/master/html]
[laravel.com/docs/5.4/html]
[laravel.com/docs/5.3/html]
[laravel.com/docs/5.2/html]
[laravel.com/docs/5.1/html]
[laravel.com/docs/5.0/html]
[laravel.com/docs/4.2/html.html]
[laravel.com/docs/4.2/helpers.html]
[laravel.com/docs/master/ioc]
[laravel.com/docs/5.4/ioc]
[laravel.com/docs/5.3/ioc]
[laravel.com/docs/5.2/ioc]
[laravel.com/docs/5.1/ioc]
[laravel.com/docs/5.0/ioc]
[laravel.com/docs/4.2/ioc.html]
[laravel.com/docs/4.2/localization.html]
[laravel.com/docs/4.2/mail.html]
[laravel.com/docs/4.2/packages.html]
[laravel.com/docs/4.2/pagination.html]
[laravel.com/docs/4.2/queues.html]
[laravel.com/docs/4.2/session.html]
[laravel.com/docs/master/ssh]
[laravel.com/docs/5.3/ssh]
[laravel.com/docs/5.2/ssh]
[laravel.com/docs/5.1/ssh]
[laravel.com/docs/5.0/ssh]
[laravel.com/docs/4.2/ssh.html]
[laravel.com/docs/4.2/templates.html]
[laravel.com/docs/4.2/testing.html]
[laravel.com/docs/4.2/validation.html]
[laravel.com/docs/4.2/database.html]
[laravel.com/docs/4.2/queries.html]
[laravel.com/docs/4.2/eloquent.html]
[laravel.com/docs/4.2/schema.html]
[laravel.com/docs/4.2/migrations.html]
[laravel.com/docs/4.2/redis.html]
[laravel.com/docs/4.2/artisan.html]
[laravel.com/docs/4.2/commands.html]
[laravel.com/docs/5.4/4.html]
[laravel.com/docs/5.4/ssh.html]
[laravel.com/docs/5.1/configuration.html]
[laravel.com/docs/4.2/structure.html]
[laravel.com/docs/5.1/valet.html]
[laravel.com/docs/5.0/valet.html]
[laravel.com/docs/4.2/valet.html]
[laravel.com/docs/4.2/container.html]
[laravel.com/docs/4.2/providers.html]
[laravel.com/docs/4.2/contracts.html]
[laravel.com/docs/4.2/middleware.html]
[laravel.com/docs/5.2/csrf.html]
[laravel.com/docs/5.1/csrf.html]
[laravel.com/docs/5.0/csrf.html]
[laravel.com/docs/4.2/csrf.html]
[laravel.com/docs/4.2/views.html]
[laravel.com/docs/5.0/blade.html]
[laravel.com/docs/4.2/blade.html]
[laravel.com/docs/5.2/frontend.html]
[laravel.com/docs/5.1/frontend.html]
[laravel.com/docs/5.0/frontend.html]
[laravel.com/docs/4.2/frontend.html]
[laravel.com/docs/5.3/mix.html]
[laravel.com/docs/5.2/mix.html]
[laravel.com/docs/5.1/mix.html]
[laravel.com/docs/5.0/mix.html]
[laravel.com/docs/4.2/mix.html]
[laravel.com/docs/4.2/authentication.html]
[laravel.com/docs/5.2/passport.html]
[laravel.com/docs/5.1/passport.html]
[laravel.com/docs/5.0/passport.html]
[laravel.com/docs/4.2/passport.html]
[laravel.com/docs/5.0/authorization.html]
[laravel.com/docs/4.2/authorization.html]
[laravel.com/docs/4.2/encryption.html]
[laravel.com/docs/4.2/hashing.html]
[laravel.com/docs/5.2/passwords.html]
[laravel.com/docs/5.1/passwords.html]
[laravel.com/docs/5.0/passwords.html]
[laravel.com/docs/4.2/passwords.html]
[laravel.com/docs/5.2/broadcasting.html]
[laravel.com/docs/5.1/broadcasting.html]
[laravel.com/docs/5.0/broadcasting.html]
[laravel.com/docs/4.2/broadcasting.html]
[laravel.com/docs/4.2/collections.html]
[laravel.com/docs/4.2/filesystem.html]
[laravel.com/docs/5.2/notifications.html]
[laravel.com/docs/5.1/notifications.html]
[laravel.com/docs/5.0/notifications.html]
[laravel.com/docs/4.2/notifications.html]
[laravel.com/docs/5.0/scheduling.html]
[laravel.com/docs/4.2/scheduling.html]
[laravel.com/docs/5.0/seeding.html]
[laravel.com/docs/4.2/seeding.html]
[laravel.com/docs/5.0/eloquent-relationships.html]
[laravel.com/docs/4.2/eloquent-relationships.html]
[laravel.com/docs/5.0/eloquent-collections.html]
[laravel.com/docs/4.2/eloquent-collections.html]
[laravel.com/docs/5.0/eloquent-mutators.html]
[laravel.com/docs/4.2/eloquent-mutators.html]
[laravel.com/docs/5.0/eloquent-serialization.html]
[laravel.com/docs/4.2/eloquent-serialization.html]
[laravel.com/docs/5.3/http-tests.html]
[laravel.com/docs/5.2/http-tests.html]
[laravel.com/docs/5.1/http-tests.html]
[laravel.com/docs/5.0/http-tests.html]
[laravel.com/docs/4.2/http-tests.html]
[laravel.com/docs/5.3/dusk.html]
[laravel.com/docs/5.2/dusk.html]
[laravel.com/docs/5.1/dusk.html]
[laravel.com/docs/5.0/dusk.html]
[laravel.com/docs/4.2/dusk.html]
[laravel.com/docs/5.2/database-testing.html]
[laravel.com/docs/5.1/database-testing.html]
[laravel.com/docs/5.0/database-testing.html]
[laravel.com/docs/4.2/database-testing.html]
[laravel.com/docs/5.2/mocking.html]
[laravel.com/docs/5.1/mocking.html]
[laravel.com/docs/5.0/mocking.html]
[laravel.com/docs/4.2/mocking.html]
[laravel.com/docs/4.2/envoy.html]
[laravel.com/docs/5.2/scout.html]
[laravel.com/docs/5.1/scout.html]
[laravel.com/docs/5.0/scout.html]
[laravel.com/docs/4.2/scout.html]
[laravel.com/docs/master/elixir.html]
[laravel.com/docs/5.4/elixir.html]
[laravel.com/docs/4.2/elixir.html]
[laravel.com/docs/master/application-testing.html]
[laravel.com/docs/5.4/application-testing.html]
[laravel.com/docs/5.2/application-testing.html]
[laravel.com/docs/5.1/application-testing.html]
[laravel.com/docs/5.0/application-testing.html]
[laravel.com/docs/4.2/application-testing.html]
[laravel.com/docs/master/quickstart.html]
[laravel.com/docs/5.4/quickstart.html]
[laravel.com/docs/5.3/quickstart.html]
[laravel.com/docs/5.0/quickstart.html]
[laravel.com/docs/4.2/quickstart.html]
[laravel.com/docs/master/quickstart-intermediate.html]
[laravel.com/docs/5.4/quickstart-intermediate.html]
[laravel.com/docs/5.3/quickstart-intermediate.html]
[laravel.com/docs/5.0/quickstart-intermediate.html]
[laravel.com/docs/4.2/quickstart-intermediate.html]
[laravel.com/docs/master/bus.html]
[laravel.com/docs/5.4/bus.html]
[laravel.com/docs/5.3/bus.html]
[laravel.com/docs/5.2/bus.html]
[laravel.com/docs/5.1/bus.html]
[laravel.com/docs/4.2/bus.html]
[laravel.com/docs/master/extending.html]
[laravel.com/docs/5.4/extending.html]
[laravel.com/docs/5.3/extending.html]
[laravel.com/docs/5.2/extending.html]
[laravel.com/docs/5.1/extending.html]
[laravel.com/docs/master/templates.html]
[laravel.com/docs/5.4/templates.html]
[laravel.com/docs/5.3/templates.html]
[laravel.com/docs/5.2/templates.html]
[laravel.com/docs/5.1/templates.html]
[laravel.com/docs/master/schema.html]
[laravel.com/docs/5.4/schema.html]
[laravel.com/docs/5.3/schema.html]
[laravel.com/docs/5.2/schema.html]
[laravel.com/docs/5.1/schema.html]
[laravel.com/docs/master/commands.html]
[laravel.com/docs/5.4/commands.html]
[laravel.com/docs/5.3/commands.html]
[laravel.com/docs/5.2/commands.html]
[laravel.com/docs/5.1/commands.html]
[laravel.com/docs/master/introduction.html]
[laravel.com/docs/5.4/introduction.html]
[laravel.com/docs/5.3/introduction.html]
[laravel.com/docs/5.2/introduction.html]
[laravel.com/docs/5.1/introduction.html]
[laravel.com/docs/5.0/introduction.html]
[laravel.com/docs/master/quick.html]
[laravel.com/docs/5.4/quick.html]
[laravel.com/docs/5.3/quick.html]
[laravel.com/docs/5.2/quick.html]
[laravel.com/docs/5.1/quick.html]
[laravel.com/docs/5.0/quick.html]
[laravel.com/docs/master/security.html]
[laravel.com/docs/5.4/security.html]
[laravel.com/docs/5.3/security.html]
[laravel.com/docs/5.2/security.html]
[laravel.com/docs/5.1/security.html]
[laravel.com/docs/5.0/security.html]
[laravel.com/docs/master/html.html]
[laravel.com/docs/5.4/html.html]
[laravel.com/docs/5.3/html.html]
[laravel.com/docs/5.2/html.html]
[laravel.com/docs/5.1/html.html]
[laravel.com/docs/5.0/html.html]
[laravel.com/docs/master/ioc.html]
[laravel.com/docs/5.4/ioc.html]
[laravel.com/docs/5.3/ioc.html]
[laravel.com/docs/5.2/ioc.html]
[laravel.com/docs/5.1/ioc.html]
[laravel.com/docs/5.0/ioc.html]
[laravel.com/docs/master/ssh.html]
[laravel.com/docs/5.3/ssh.html]
[laravel.com/docs/5.2/ssh.html]
[laravel.com/docs/5.1/ssh.html]
[laravel.com/docs/5.0/ssh.html]
